---
source: lib/hir-mir/src/transformation/if_map.rs
expression: "transform(&CompileContext::dummy(Default::default(), Default::default()),\n    &IfMap::new(Some(types::Number::new(Position::fake()).into()),\n            Some(types::None::new(Position::fake()).into()), \"x\",\n            Variable::new(\"xs\", Position::fake()),\n            Variable::new(\"k\", Position::fake()),\n            Variable::new(\"x\", Position::fake()), None::new(Position::fake()),\n            Position::fake()))"
---
Ok(
    IfType(
        IfType {
            name: "x",
            argument: Call(
                Call {
                    function_type: Some(
                        Function(
                            Function {
                                arguments: [
                                    Reference(
                                        Reference {
                                            name: "mapContext",
                                            position: Position {
                                                path: "",
                                                line_number: 1,
                                                column_number: 1,
                                                line: "",
                                            },
                                        },
                                    ),
                                    Reference(
                                        Reference {
                                            name: "GenericMap",
                                            position: Position {
                                                path: "",
                                                line_number: 1,
                                                column_number: 1,
                                                line: "",
                                            },
                                        },
                                    ),
                                    Any(
                                        Any {
                                            position: Position {
                                                path: "",
                                                line_number: 1,
                                                column_number: 1,
                                                line: "",
                                            },
                                        },
                                    ),
                                ],
                                result: Any(
                                    Any {
                                        position: Position {
                                            path: "",
                                            line_number: 1,
                                            column_number: 1,
                                            line: "",
                                        },
                                    },
                                ),
                                position: Position {
                                    path: "",
                                    line_number: 1,
                                    column_number: 1,
                                    line: "",
                                },
                            },
                        ),
                    ),
                    function: Variable(
                        Variable {
                            name: "getMap",
                            position: Position {
                                path: "",
                                line_number: 1,
                                column_number: 1,
                                line: "",
                            },
                        },
                    ),
                    arguments: [
                        Call(
                            Call {
                                function_type: Some(
                                    Function(
                                        Function {
                                            arguments: [],
                                            result: Reference(
                                                Reference {
                                                    name: "mapContext",
                                                    position: Position {
                                                        path: "",
                                                        line_number: 1,
                                                        column_number: 1,
                                                        line: "",
                                                    },
                                                },
                                            ),
                                            position: Position {
                                                path: "",
                                                line_number: 1,
                                                column_number: 1,
                                                line: "",
                                            },
                                        },
                                    ),
                                ),
                                function: Variable(
                                    Variable {
                                        name: "hir:map:context:eb72cf2d91bedd6c",
                                        position: Position {
                                            path: "",
                                            line_number: 1,
                                            column_number: 1,
                                            line: "",
                                        },
                                    },
                                ),
                                arguments: [],
                                position: Position {
                                    path: "",
                                    line_number: 1,
                                    column_number: 1,
                                    line: "",
                                },
                            },
                        ),
                        Variable(
                            Variable {
                                name: "xs",
                                position: Position {
                                    path: "",
                                    line_number: 1,
                                    column_number: 1,
                                    line: "",
                                },
                            },
                        ),
                        TypeCoercion(
                            TypeCoercion {
                                from: Number(
                                    Number {
                                        position: Position {
                                            path: "",
                                            line_number: 1,
                                            column_number: 1,
                                            line: "",
                                        },
                                    },
                                ),
                                to: Any(
                                    Any {
                                        position: Position {
                                            path: "",
                                            line_number: 1,
                                            column_number: 1,
                                            line: "",
                                        },
                                    },
                                ),
                                argument: Variable(
                                    Variable {
                                        name: "k",
                                        position: Position {
                                            path: "",
                                            line_number: 1,
                                            column_number: 1,
                                            line: "",
                                        },
                                    },
                                ),
                                position: Position {
                                    path: "",
                                    line_number: 1,
                                    column_number: 1,
                                    line: "",
                                },
                            },
                        ),
                    ],
                    position: Position {
                        path: "",
                        line_number: 1,
                        column_number: 1,
                        line: "",
                    },
                },
            ),
            branches: [
                IfTypeBranch {
                    type_: Reference(
                        Reference {
                            name: "notFound",
                            position: Position {
                                path: "",
                                line_number: 1,
                                column_number: 1,
                                line: "",
                            },
                        },
                    ),
                    expression: None(
                        None {
                            position: Position {
                                path: "",
                                line_number: 1,
                                column_number: 1,
                                line: "",
                            },
                        },
                    ),
                },
            ],
            else_: Some(
                ElseBranch {
                    type_: Some(
                        Any(
                            Any {
                                position: Position {
                                    path: "",
                                    line_number: 1,
                                    column_number: 1,
                                    line: "",
                                },
                            },
                        ),
                    ),
                    expression: Let(
                        Let {
                            name: Some(
                                "x",
                            ),
                            type_: Some(
                                None(
                                    None {
                                        position: Position {
                                            path: "",
                                            line_number: 1,
                                            column_number: 1,
                                            line: "",
                                        },
                                    },
                                ),
                            ),
                            bound_expression: IfType(
                                IfType {
                                    name: "$value",
                                    argument: Variable(
                                        Variable {
                                            name: "x",
                                            position: Position {
                                                path: "",
                                                line_number: 1,
                                                column_number: 1,
                                                line: "",
                                            },
                                        },
                                    ),
                                    branches: [
                                        IfTypeBranch {
                                            type_: None(
                                                None {
                                                    position: Position {
                                                        path: "",
                                                        line_number: 1,
                                                        column_number: 1,
                                                        line: "",
                                                    },
                                                },
                                            ),
                                            expression: Variable(
                                                Variable {
                                                    name: "$value",
                                                    position: Position {
                                                        path: "",
                                                        line_number: 1,
                                                        column_number: 1,
                                                        line: "",
                                                    },
                                                },
                                            ),
                                        },
                                    ],
                                    else_: None,
                                    position: Position {
                                        path: "",
                                        line_number: 1,
                                        column_number: 1,
                                        line: "",
                                    },
                                },
                            ),
                            expression: Variable(
                                Variable {
                                    name: "x",
                                    position: Position {
                                        path: "",
                                        line_number: 1,
                                        column_number: 1,
                                        line: "",
                                    },
                                },
                            ),
                            position: Position {
                                path: "",
                                line_number: 1,
                                column_number: 1,
                                line: "",
                            },
                        },
                    ),
                    position: Position {
                        path: "",
                        line_number: 1,
                        column_number: 1,
                        line: "",
                    },
                },
            ),
            position: Position {
                path: "",
                line_number: 1,
                column_number: 1,
                line: "",
            },
        },
    ),
)
