---
source: lib/hir-mir/src/transformation/map_literal.rs
expression: "transform(&CompileContext::dummy(Default::default(), Default::default()),\n    &Map::new(types::None::new(Position::fake()),\n            types::None::new(Position::fake()), vec![], Position::fake()))"
---
Ok(
    Let(
        Let {
            name: Some(
                "$ctx",
            ),
            type_: Some(
                Reference(
                    Reference {
                        name: "mapContext",
                        position: Position {
                            path: "",
                            line_number: 1,
                            column_number: 1,
                            line: "",
                        },
                    },
                ),
            ),
            bound_expression: Call(
                Call {
                    function_type: Some(
                        Function(
                            Function {
                                arguments: [],
                                result: Reference(
                                    Reference {
                                        name: "mapContext",
                                        position: Position {
                                            path: "",
                                            line_number: 1,
                                            column_number: 1,
                                            line: "",
                                        },
                                    },
                                ),
                                position: Position {
                                    path: "",
                                    line_number: 1,
                                    column_number: 1,
                                    line: "",
                                },
                            },
                        ),
                    ),
                    function: Variable(
                        Variable {
                            name: "hir:map:context:829f738c8f9ee2f4",
                            position: Position {
                                path: "",
                                line_number: 1,
                                column_number: 1,
                                line: "",
                            },
                        },
                    ),
                    arguments: [],
                    position: Position {
                        path: "",
                        line_number: 1,
                        column_number: 1,
                        line: "",
                    },
                },
            ),
            expression: Call(
                Call {
                    function_type: Some(
                        Function(
                            Function {
                                arguments: [],
                                result: Reference(
                                    Reference {
                                        name: "GenericMap",
                                        position: Position {
                                            path: "",
                                            line_number: 1,
                                            column_number: 1,
                                            line: "",
                                        },
                                    },
                                ),
                                position: Position {
                                    path: "",
                                    line_number: 1,
                                    column_number: 1,
                                    line: "",
                                },
                            },
                        ),
                    ),
                    function: Variable(
                        Variable {
                            name: "emptyMap",
                            position: Position {
                                path: "",
                                line_number: 1,
                                column_number: 1,
                                line: "",
                            },
                        },
                    ),
                    arguments: [],
                    position: Position {
                        path: "",
                        line_number: 1,
                        column_number: 1,
                        line: "",
                    },
                },
            ),
            position: Position {
                path: "",
                line_number: 1,
                column_number: 1,
                line: "",
            },
        },
    ),
)
