---
source: lib/hir-mir/src/transformation/map_context.rs
expression: "transform_module(&context,\n    &Module::empty().set_function_definitions(vec![FunctionDefinition ::\n                fake(\"f\", Lambda ::\n                new(vec! [], collection_type ::\n                transform_map_context(& context, & Position ::\n                fake()).unwrap(), Map ::\n                new(types :: None :: new(Position :: fake()), types ::\n                Function ::\n                new(vec! [], types :: None :: new(Position :: fake()),\n                Position :: fake()), vec! [], Position :: fake()), Position ::\n                fake()), false)]))"
---
Ok(
    Module {
        type_definitions: [],
        type_aliases: [],
        foreign_declarations: [],
        function_declarations: [],
        function_definitions: [
            FunctionDefinition {
                name: "f",
                original_name: "",
                lambda: Lambda {
                    arguments: [],
                    result_type: Reference(
                        Reference {
                            name: "mapContext",
                            position: Position {
                                path: "",
                                line_number: 1,
                                column_number: 1,
                                line: "",
                            },
                        },
                    ),
                    body: Map(
                        Map {
                            key_type: None(
                                None {
                                    position: Position {
                                        path: "",
                                        line_number: 1,
                                        column_number: 1,
                                        line: "",
                                    },
                                },
                            ),
                            value_type: Function(
                                Function {
                                    arguments: [],
                                    result: None(
                                        None {
                                            position: Position {
                                                path: "",
                                                line_number: 1,
                                                column_number: 1,
                                                line: "",
                                            },
                                        },
                                    ),
                                    position: Position {
                                        path: "",
                                        line_number: 1,
                                        column_number: 1,
                                        line: "",
                                    },
                                },
                            ),
                            elements: [],
                            position: Position {
                                path: "",
                                line_number: 1,
                                column_number: 1,
                                line: "",
                            },
                        },
                    ),
                    position: Position {
                        path: "",
                        line_number: 1,
                        column_number: 1,
                        line: "",
                    },
                },
                foreign_definition_configuration: None,
                public: false,
                position: Position {
                    path: "",
                    line_number: 1,
                    column_number: 1,
                    line: "",
                },
            },
            FunctionDefinition {
                name: "hir:map:context:8bbb62926defb736",
                original_name: "hir:map:context:8bbb62926defb736",
                lambda: Lambda {
                    arguments: [],
                    result_type: Reference(
                        Reference {
                            name: "mapContext",
                            position: Position {
                                path: "",
                                line_number: 1,
                                column_number: 1,
                                line: "",
                            },
                        },
                    ),
                    body: Call(
                        Call {
                            function_type: Some(
                                Function(
                                    Function {
                                        arguments: [
                                            Function(
                                                Function {
                                                    arguments: [
                                                        Any(
                                                            Any {
                                                                position: Position {
                                                                    path: "",
                                                                    line_number: 1,
                                                                    column_number: 1,
                                                                    line: "",
                                                                },
                                                            },
                                                        ),
                                                        Any(
                                                            Any {
                                                                position: Position {
                                                                    path: "",
                                                                    line_number: 1,
                                                                    column_number: 1,
                                                                    line: "",
                                                                },
                                                            },
                                                        ),
                                                    ],
                                                    result: Boolean(
                                                        Boolean {
                                                            position: Position {
                                                                path: "",
                                                                line_number: 1,
                                                                column_number: 1,
                                                                line: "",
                                                            },
                                                        },
                                                    ),
                                                    position: Position {
                                                        path: "",
                                                        line_number: 1,
                                                        column_number: 1,
                                                        line: "",
                                                    },
                                                },
                                            ),
                                            Function(
                                                Function {
                                                    arguments: [
                                                        Any(
                                                            Any {
                                                                position: Position {
                                                                    path: "",
                                                                    line_number: 1,
                                                                    column_number: 1,
                                                                    line: "",
                                                                },
                                                            },
                                                        ),
                                                    ],
                                                    result: Number(
                                                        Number {
                                                            position: Position {
                                                                path: "",
                                                                line_number: 1,
                                                                column_number: 1,
                                                                line: "",
                                                            },
                                                        },
                                                    ),
                                                    position: Position {
                                                        path: "",
                                                        line_number: 1,
                                                        column_number: 1,
                                                        line: "",
                                                    },
                                                },
                                            ),
                                            Function(
                                                Function {
                                                    arguments: [
                                                        Any(
                                                            Any {
                                                                position: Position {
                                                                    path: "",
                                                                    line_number: 1,
                                                                    column_number: 1,
                                                                    line: "",
                                                                },
                                                            },
                                                        ),
                                                        Any(
                                                            Any {
                                                                position: Position {
                                                                    path: "",
                                                                    line_number: 1,
                                                                    column_number: 1,
                                                                    line: "",
                                                                },
                                                            },
                                                        ),
                                                    ],
                                                    result: Boolean(
                                                        Boolean {
                                                            position: Position {
                                                                path: "",
                                                                line_number: 1,
                                                                column_number: 1,
                                                                line: "",
                                                            },
                                                        },
                                                    ),
                                                    position: Position {
                                                        path: "",
                                                        line_number: 1,
                                                        column_number: 1,
                                                        line: "",
                                                    },
                                                },
                                            ),
                                            Function(
                                                Function {
                                                    arguments: [
                                                        Any(
                                                            Any {
                                                                position: Position {
                                                                    path: "",
                                                                    line_number: 1,
                                                                    column_number: 1,
                                                                    line: "",
                                                                },
                                                            },
                                                        ),
                                                    ],
                                                    result: Number(
                                                        Number {
                                                            position: Position {
                                                                path: "",
                                                                line_number: 1,
                                                                column_number: 1,
                                                                line: "",
                                                            },
                                                        },
                                                    ),
                                                    position: Position {
                                                        path: "",
                                                        line_number: 1,
                                                        column_number: 1,
                                                        line: "",
                                                    },
                                                },
                                            ),
                                        ],
                                        result: Reference(
                                            Reference {
                                                name: "mapContext",
                                                position: Position {
                                                    path: "",
                                                    line_number: 1,
                                                    column_number: 1,
                                                    line: "",
                                                },
                                            },
                                        ),
                                        position: Position {
                                            path: "",
                                            line_number: 1,
                                            column_number: 1,
                                            line: "",
                                        },
                                    },
                                ),
                            ),
                            function: Variable(
                                Variable {
                                    name: "newMapContext",
                                    position: Position {
                                        path: "",
                                        line_number: 1,
                                        column_number: 1,
                                        line: "",
                                    },
                                },
                            ),
                            arguments: [
                                Lambda(
                                    Lambda {
                                        arguments: [
                                            Argument {
                                                name: "$lhs",
                                                type_: Any(
                                                    Any {
                                                        position: Position {
                                                            path: "",
                                                            line_number: 1,
                                                            column_number: 1,
                                                            line: "",
                                                        },
                                                    },
                                                ),
                                            },
                                            Argument {
                                                name: "$rhs",
                                                type_: Any(
                                                    Any {
                                                        position: Position {
                                                            path: "",
                                                            line_number: 1,
                                                            column_number: 1,
                                                            line: "",
                                                        },
                                                    },
                                                ),
                                            },
                                        ],
                                        result_type: Boolean(
                                            Boolean {
                                                position: Position {
                                                    path: "",
                                                    line_number: 1,
                                                    column_number: 1,
                                                    line: "",
                                                },
                                            },
                                        ),
                                        body: IfType(
                                            IfType {
                                                name: "$lhs",
                                                argument: Variable(
                                                    Variable {
                                                        name: "$lhs",
                                                        position: Position {
                                                            path: "",
                                                            line_number: 1,
                                                            column_number: 1,
                                                            line: "",
                                                        },
                                                    },
                                                ),
                                                branches: [
                                                    IfTypeBranch {
                                                        type_: None(
                                                            None {
                                                                position: Position {
                                                                    path: "",
                                                                    line_number: 1,
                                                                    column_number: 1,
                                                                    line: "",
                                                                },
                                                            },
                                                        ),
                                                        expression: IfType(
                                                            IfType {
                                                                name: "$rhs",
                                                                argument: Variable(
                                                                    Variable {
                                                                        name: "$rhs",
                                                                        position: Position {
                                                                            path: "",
                                                                            line_number: 1,
                                                                            column_number: 1,
                                                                            line: "",
                                                                        },
                                                                    },
                                                                ),
                                                                branches: [
                                                                    IfTypeBranch {
                                                                        type_: None(
                                                                            None {
                                                                                position: Position {
                                                                                    path: "",
                                                                                    line_number: 1,
                                                                                    column_number: 1,
                                                                                    line: "",
                                                                                },
                                                                            },
                                                                        ),
                                                                        expression: Boolean(
                                                                            Boolean {
                                                                                value: true,
                                                                                position: Position {
                                                                                    path: "",
                                                                                    line_number: 1,
                                                                                    column_number: 1,
                                                                                    line: "",
                                                                                },
                                                                            },
                                                                        ),
                                                                    },
                                                                ],
                                                                else_: None,
                                                                position: Position {
                                                                    path: "",
                                                                    line_number: 1,
                                                                    column_number: 1,
                                                                    line: "",
                                                                },
                                                            },
                                                        ),
                                                    },
                                                ],
                                                else_: None,
                                                position: Position {
                                                    path: "",
                                                    line_number: 1,
                                                    column_number: 1,
                                                    line: "",
                                                },
                                            },
                                        ),
                                        position: Position {
                                            path: "",
                                            line_number: 1,
                                            column_number: 1,
                                            line: "",
                                        },
                                    },
                                ),
                                Lambda(
                                    Lambda {
                                        arguments: [
                                            Argument {
                                                name: "$x",
                                                type_: Any(
                                                    Any {
                                                        position: Position {
                                                            path: "",
                                                            line_number: 1,
                                                            column_number: 1,
                                                            line: "",
                                                        },
                                                    },
                                                ),
                                            },
                                        ],
                                        result_type: Number(
                                            Number {
                                                position: Position {
                                                    path: "",
                                                    line_number: 1,
                                                    column_number: 1,
                                                    line: "",
                                                },
                                            },
                                        ),
                                        body: IfType(
                                            IfType {
                                                name: "$x",
                                                argument: Variable(
                                                    Variable {
                                                        name: "$x",
                                                        position: Position {
                                                            path: "",
                                                            line_number: 1,
                                                            column_number: 1,
                                                            line: "",
                                                        },
                                                    },
                                                ),
                                                branches: [
                                                    IfTypeBranch {
                                                        type_: None(
                                                            None {
                                                                position: Position {
                                                                    path: "",
                                                                    line_number: 1,
                                                                    column_number: 1,
                                                                    line: "",
                                                                },
                                                            },
                                                        ),
                                                        expression: Number(
                                                            Number {
                                                                value: 0.0,
                                                                position: Position {
                                                                    path: "",
                                                                    line_number: 1,
                                                                    column_number: 1,
                                                                    line: "",
                                                                },
                                                            },
                                                        ),
                                                    },
                                                ],
                                                else_: None,
                                                position: Position {
                                                    path: "",
                                                    line_number: 1,
                                                    column_number: 1,
                                                    line: "",
                                                },
                                            },
                                        ),
                                        position: Position {
                                            path: "",
                                            line_number: 1,
                                            column_number: 1,
                                            line: "",
                                        },
                                    },
                                ),
                                Lambda(
                                    Lambda {
                                        arguments: [
                                            Argument {
                                                name: "",
                                                type_: Any(
                                                    Any {
                                                        position: Position {
                                                            path: "",
                                                            line_number: 1,
                                                            column_number: 1,
                                                            line: "",
                                                        },
                                                    },
                                                ),
                                            },
                                            Argument {
                                                name: "",
                                                type_: Any(
                                                    Any {
                                                        position: Position {
                                                            path: "",
                                                            line_number: 1,
                                                            column_number: 1,
                                                            line: "",
                                                        },
                                                    },
                                                ),
                                            },
                                        ],
                                        result_type: Boolean(
                                            Boolean {
                                                position: Position {
                                                    path: "",
                                                    line_number: 1,
                                                    column_number: 1,
                                                    line: "",
                                                },
                                            },
                                        ),
                                        body: Boolean(
                                            Boolean {
                                                value: false,
                                                position: Position {
                                                    path: "",
                                                    line_number: 1,
                                                    column_number: 1,
                                                    line: "",
                                                },
                                            },
                                        ),
                                        position: Position {
                                            path: "",
                                            line_number: 1,
                                            column_number: 1,
                                            line: "",
                                        },
                                    },
                                ),
                                Lambda(
                                    Lambda {
                                        arguments: [
                                            Argument {
                                                name: "",
                                                type_: Any(
                                                    Any {
                                                        position: Position {
                                                            path: "",
                                                            line_number: 1,
                                                            column_number: 1,
                                                            line: "",
                                                        },
                                                    },
                                                ),
                                            },
                                        ],
                                        result_type: Number(
                                            Number {
                                                position: Position {
                                                    path: "",
                                                    line_number: 1,
                                                    column_number: 1,
                                                    line: "",
                                                },
                                            },
                                        ),
                                        body: Number(
                                            Number {
                                                value: 0.0,
                                                position: Position {
                                                    path: "",
                                                    line_number: 1,
                                                    column_number: 1,
                                                    line: "",
                                                },
                                            },
                                        ),
                                        position: Position {
                                            path: "",
                                            line_number: 1,
                                            column_number: 1,
                                            line: "",
                                        },
                                    },
                                ),
                            ],
                            position: Position {
                                path: "",
                                line_number: 1,
                                column_number: 1,
                                line: "",
                            },
                        },
                    ),
                    position: Position {
                        path: "",
                        line_number: 1,
                        column_number: 1,
                        line: "",
                    },
                },
                foreign_definition_configuration: None,
                public: false,
                position: Position {
                    path: "",
                    line_number: 1,
                    column_number: 1,
                    line: "",
                },
            },
        ],
        position: Position {
            path: "",
            line_number: 1,
            column_number: 1,
            line: "",
        },
    },
)
